set client_min_messages = 'warning';
\set VERBOSITY 'terse'
--
-- sequences
--
create sequence masterseq;
create sequence slaveseq;
select * from pgq_node.register_location('seqroot', 'rnode', 'dbname=db', false);
 ret_code |      ret_note       
----------+---------------------
      200 | Location registered
(1 row)

select * from pgq_node.create_node('seqroot', 'root', 'rnode', 'londiste_root', null::text, null::int8, null::text);
 ret_code |                           ret_note                            
----------+---------------------------------------------------------------
      200 | Node "rnode" initialized for queue "seqroot" with type "root"
(1 row)

select * from londiste.local_add_seq('seqroot', 'masterseq');
 ret_code |             ret_note             
----------+----------------------------------
      200 | Sequence added: public.masterseq
(1 row)

select * from londiste.local_add_seq('seqroot', 'masterseq');
 ret_code |                 ret_note                 
----------+------------------------------------------
      201 | Sequence already added: public.masterseq
(1 row)

select * from londiste.root_check_seqs('seqroot');
 ret_code |     ret_note      
----------+-------------------
      100 | Sequences updated
(1 row)

select * from londiste.local_remove_seq('seqroot', 'masterseq');
 ret_code |              ret_note              
----------+------------------------------------
      200 | Sequence removed: public.masterseq
(1 row)

select * from londiste.local_remove_seq('seqroot', 'masterseq');
 ret_code |               ret_note               
----------+--------------------------------------
      400 | Sequence not found: public.masterseq
(1 row)

select * from londiste.get_seq_list('seqroot');
 seq_name | last_value | local 
----------+------------+-------
(0 rows)

select ev_id, ev_type, ev_data, ev_extra1 from pgq.event_template;
 ev_id |        ev_type        |              ev_data               |    ev_extra1     
-------+-----------------------+------------------------------------+------------------
     1 | londiste.add-table    | public.testdata                    | 
     2 | I                     | (id,data) values ('1','test-data') | public.testdata
     3 | londiste.remove-table | public.testdata                    | 
     4 | EXECUTE               | drop all                           | DDL-root.sql
     5 | EXECUTE               | drop all                           | DDL-root.sql
     1 | londiste.update-seq   | 30001                              | public.masterseq
     2 | londiste.remove-seq   | public.masterseq                   | 
(7 rows)

-- subscriber
select * from pgq_node.register_location('seqbranch', 'subnode', 'dbname=db', false);
 ret_code |      ret_note       
----------+---------------------
      200 | Location registered
(1 row)

select * from pgq_node.register_location('seqbranch', 'rootnode', 'dbname=db', false);
 ret_code |      ret_note       
----------+---------------------
      200 | Location registered
(1 row)

select * from pgq_node.create_node('seqbranch', 'branch', 'subnode', 'londiste_branch', 'rootnode', 1, null::text);
 ret_code |                              ret_note                               
----------+---------------------------------------------------------------------
      200 | Node "subnode" initialized for queue "seqbranch" with type "branch"
(1 row)

select * from londiste.local_add_seq('seqbranch', 'masterseq');
 ret_code |              ret_note              
----------+------------------------------------
      404 | Unknown sequence: public.masterseq
(1 row)

select * from londiste.global_update_seq('seqbranch', 'masterseq', 5);
 ret_code |     ret_note     
----------+------------------
      200 | Sequence updated
(1 row)

select * from londiste.local_add_seq('seqbranch', 'masterseq');
 ret_code |             ret_note             
----------+----------------------------------
      200 | Sequence added: public.masterseq
(1 row)

select * from londiste.root_check_seqs('seqbranch');
 ret_code |    ret_note     
----------+-----------------
      402 | Not a root node
(1 row)

select * from londiste.get_seq_list('seqbranch');
     seq_name     | last_value | local 
------------------+------------+-------
 public.masterseq |          5 | t
(1 row)

select * from londiste.local_remove_seq('seqbranch', 'masterseq');
 ret_code |              ret_note              
----------+------------------------------------
      200 | Sequence removed: public.masterseq
(1 row)

select * from londiste.local_remove_seq('seqbranch', 'masterseq');
 ret_code |               ret_note               
----------+--------------------------------------
      404 | Sequence not found: public.masterseq
(1 row)

